12P2000 S 2,0
ELKA S 1,0
Elka S 10,0
WA100 A 12,1 S 1,5
A1 11,1
S1 2,0
S2 1,0
S3 11,5
A12 1,0
A20 0,0
A20 A 1,0
A20 6,0
SZ756 S 4,6
