CARYCA1 S 10,0
R1234567890 A 20,0
WAD8405 S 10,0
A12 20,0
S12 20,0
WAD8405 S 10,0
